Switch:

Switch>enable
Switch#hostname S1
                ^
% Invalid input detected at '^' marker.
	
Switch#hostname S1
                ^
% Invalid input detected at '^' marker.
	
Switch#hostname 
Switch#confi
Switch#configure t
Switch#configure terminal 
Enter configuration commands, one per line.  End with CNTL/Z.
Switch(config)#hostname S1
S1(config)#line console 0
S1(config-line)#password accons
S1(config-line)#login
S1(config-line)#exit
S1(config)#enable password usuena
S1(config)#enable se
S1(config)#enable secret usuena
The enable secret you have chosen is the same as your enable password.
This is not recommended.  Re-enter the enable secret.
S1(config)#
S1(config)#line vty 0/4
                    ^
% Invalid input detected at '^' marker.
	
S1(config)#line vty 0 4
S1(config-line)#enab
S1(config-line)#enable
S1(config-line)#pas
S1(config-line)#password accrem
S1(config-line)#login
S1(config-line)#exit
S1(config)#service pass
S1(config)#service password-encryption 
S1(config)#banne
S1(config)#banner  m
S1(config)#banner  motd "Switch de la practica 1 de IRC"
S1(config)#exit
S1#
%SYS-5-CONFIG_I: Configured from console by console

S1#copy ru
S1#copy running-config st
S1#copy running-config startup-config 
Destination filename [startup-config]? 
Building configuration...
[OK]
S1#confi
S1#configure r
S1#configure t
S1#configure terminal 
Enter configuration commands, one per line.  End with CNTL/Z.
S1(config)#int
S1(config)#interface vlan 1
S1(config-if)#ip address 192.168.1.100 255.255.255.0
S1(config-if)#no sh
S1(config-if)#no shutdown 

S1(config-if)#
%LINK-5-CHANGED: Interface Vlan1, changed state to up

%LINEPROTO-5-UPDOWN: Line protocol on Interface Vlan1, changed state to up

S1(config-if)#exit
S1(config)#
S1#
%SYS-5-CONFIG_I: Configured from console by console







Router:

Router>enable
Router#confi
Router#configure t
Router#configure terminal 
Enter configuration commands, one per line.  End with CNTL/Z.
Router(config)#hostname R1
R1(config)#line console 0
R1(config-line)#password accons
R1(config-line)#login
R1(config-line)#exit
R1(config)#exit
R1#
%SYS-5-CONFIG_I: Configured from console by console

R1#con
R1#confi
R1#configure t
R1#configure terminal 
Enter configuration commands, one per line.  End with CNTL/Z.
R1(config)#enable pass
R1(config)#enable password usuena
R1(config)#exit
R1#
%SYS-5-CONFIG_I: Configured from console by console

R1#confi
R1#configure t
R1#configure terminal 
Enter configuration commands, one per line.  End with CNTL/Z.
R1(config)#enable
R1(config)#enable se
R1(config)#enable secret usuena
The enable secret you have chosen is the same as your enable password.
This is not recommended.  Re-enter the enable secret.
R1(config)#
R1(config)#se
R1(config)#servi
R1(config)#service pass
R1(config)#service password-encryption 
R1(config)#exit
R1#
%SYS-5-CONFIG_I: Configured from console by console

R1#confi
R1#configure t
R1#configure terminal 
Enter configuration commands, one per line.  End with CNTL/Z.
R1(config)#banner motd "Router de la Practica1 de IRC"
R1(config)#exit
R1#
%SYS-5-CONFIG_I: Configured from console by console

R1#copy run
R1#copy running-config star
R1#copy running-config startup-config 
Destination filename [startup-config]? 
Building configuration...
[OK]
R1#conf
R1#configure ter
R1#configure terminal 
Enter configuration commands, one per line.  End with CNTL/Z.
R1(config)#line vty 0 4
R1(config-line)#enable pass
R1(config-line)#enable passw
R1(config-line)#enable password
R1(config-line)#password 
R1(config-line)#password 7 
R1(config-line)#password accrem
R1(config-line)#exit
R1(config)#service password-encryption 
R1(config)#interface 
R1(config)#interface g
R1(config)#interface gigabitEthernet 0/0
R1(config-if)#ip address 172.16.10.1 255.255.0.0
R1(config-if)#no sh
R1(config-if)#no shutdown 

R1(config-if)#
%LINK-5-CHANGED: Interface GigabitEthernet0/0, changed state to up

%LINEPROTO-5-UPDOWN: Line protocol on Interface GigabitEthernet0/0, changed state to up
exit
R1(config)#exit
R1#
%SYS-5-CONFIG_I: Configured from console by console

R1#conf
R1#configure t
R1#configure terminal 
Enter configuration commands, one per line.  End with CNTL/Z.
R1(config)#
R1(config)#inter
R1(config)#interface g
R1(config)#interface gigabitEthernet 0/1
R1(config-if)#ip address 192.168.1.1 255.255.255.0
R1(config-if)#no sh
R1(config-if)#no shutdown 

R1(config-if)#
%LINK-5-CHANGED: Interface GigabitEthernet0/1, changed state to up

%LINEPROTO-5-UPDOWN: Line protocol on Interface GigabitEthernet0/1, changed state to up

R1(config-if)#exit
R1(config)#exit
R1#
%SYS-5-CONFIG_I: Configured from console by console
